// Jest Snapshot v1, https://goo.gl/fbAQLP

exports[`CharacterItem component renders CharacterItem 1`] = `
<DocumentFragment>
  <figure>
    <img
      alt="Avatar"
      src="http://photo.com/img.jpg"
    />
    <figcaption>
      Avatar
    </figcaption>
  </figure>
</DocumentFragment>
`;
