// Jest Snapshot v1, https://goo.gl/fbAQLP

exports[`Header component renders Header 1`] = `
<DocumentFragment>
  <div
    class="Header"
  >
    <h1>
      Themes, yay...
    </h1>
    <button>
      Hit the lights!
    </button>
  </div>
</DocumentFragment>
`;
